[whitepaper.sheepland.io/index.html]
[backblue.gif]
[fade.gif]
[index.html]
[200486823-files.gitbook.io/_/files/v0/b/gitbook-x-prod.appspot.com/o/spaces/miTI3KtfVO5lF4MCiW4D/icon/PM7AbiQF7OjBu5pFeCtg/Sem Título-14d507.png]
[app.gitbook.com/public/emojis/emoji-assets-spriteef32.css]
[app.gitbook.com/public/app/public-K7MAB3YD.min2710.js]
[cdn.iframe.ly/embed.js]
[cdn.polyfill.io/v2/polyfill8a7a.js]
[whitepaper.sheepland.io/overview/what-are-the-sheeps-for.html]
[whitepaper.sheepland.io/overview/how-does-farm-work.html]
[whitepaper.sheepland.io/overview/what-is-sheep-coin.html]
[whitepaper.sheepland.io/overview/what-is-cash.html]
[whitepaper.sheepland.io/overview/upgrade-your-truck.html]
[whitepaper.sheepland.io/overview/affiliate-program.html]
[whitepaper.sheepland.io/overview/sell-farm.html]
[whitepaper.sheepland.io/overview/profitability-table-of-lands.html]
[whitepaper.sheepland.io/overview/community.html]
[whitepaper.sheepland.io/overview/contract.html]
[whitepaper.sheepland.io/overview/audit.html]
[whitepaper.sheepland.io/index.html]
[whitepaper.sheepland.io/overview/game-and-community-updates.html]
[app.gitbook.com/public/emojis/joypixels-sprite-64-peopleef32.png]
[app.gitbook.com/public/emojis/joypixels-sprite-64-people@2xef32.png]
[app.gitbook.com/public/emojis/joypixels-sprite-64-natureef32.png]
[app.gitbook.com/public/emojis/joypixels-sprite-64-nature@2xef32.png]
[app.gitbook.com/public/emojis/joypixels-sprite-64-foodef32.png]
[app.gitbook.com/public/emojis/joypixels-sprite-64-food@2xef32.png]
[app.gitbook.com/public/emojis/joypixels-sprite-64-activityef32.png]
[app.gitbook.com/public/emojis/joypixels-sprite-64-activity@2xef32.png]
[app.gitbook.com/public/emojis/joypixels-sprite-64-travelef32.png]
[app.gitbook.com/public/emojis/joypixels-sprite-64-travel@2xef32.png]
[app.gitbook.com/public/emojis/joypixels-sprite-64-objectsef32.png]
[app.gitbook.com/public/emojis/joypixels-sprite-64-objects@2xef32.png]
[app.gitbook.com/public/emojis/joypixels-sprite-64-symbolsef32.png]
[app.gitbook.com/public/emojis/joypixels-sprite-64-symbols@2xef32.png]
[app.gitbook.com/public/emojis/joypixels-sprite-64-flagsef32.png]
[app.gitbook.com/public/emojis/joypixels-sprite-64-flags@2xef32.png]
[app.gitbook.com/public/emojis/joypixels-sprite-64-regionalef32.png]
[app.gitbook.com/public/emojis/joypixels-sprite-64-regional@2xef32.png]
[app.gitbook.com/public/emojis/joypixels-sprite-64-diversityef32.png]
[app.gitbook.com/public/emojis/joypixels-sprite-64-diversity@2xef32.png]
[app.gitbook.com/public/emojis/emoji-assets-spriteef32.css]
[whitepaper.sheepland.io/overview/what-are-the-sheeps-for.html]
[whitepaper.sheepland.io/overview/how-does-farm-work.html]
[whitepaper.sheepland.io/overview/what-is-sheep-coin.html]
[whitepaper.sheepland.io/overview/what-is-cash.html]
[whitepaper.sheepland.io/overview/upgrade-your-truck.html]
[whitepaper.sheepland.io/overview/affiliate-program.html]
[whitepaper.sheepland.io/overview/sell-farm.html]
[whitepaper.sheepland.io/overview/profitability-table-of-lands.html]
[whitepaper.sheepland.io/overview/community.html]
[whitepaper.sheepland.io/overview/contract.html]
[whitepaper.sheepland.io/overview/audit.html]
[app.gitbook.com/public/app/public-VGTYJ4JS.mince0d.js]
[whitepaper.sheepland.io/overview/game-and-community-updates/10-27-2022-update-log.html]
[whitepaper.sheepland.io/overview/game-and-community-updates/10-29-2022-update-log.html]
[whitepaper.sheepland.io/overview/game-and-community-updates/10-30-2022-update-log.html]
[whitepaper.sheepland.io/overview/game-and-community-updates/11-01-2022-update-log.html]
[whitepaper.sheepland.io/overview/game-and-community-updates.html]
[whitepaper.sheepland.io/overview/game-and-community-updates/11-04-2022-update-log.html]
[whitepaper.sheepland.io/overview/game-and-community-updates/10-27-2022-update-log.html]
[whitepaper.sheepland.io/overview/game-and-community-updates/10-29-2022-update-log.html]
[whitepaper.sheepland.io/overview/game-and-community-updates/10-30-2022-update-log.html]
[whitepaper.sheepland.io/overview/game-and-community-updates/11-01-2022-update-log.html]
[whitepaper.sheepland.io/overview/game-and-community-updates/11-04-2022-update-log.html]
